
> @anipotts/www@0.1.0 build /Users/anipotts/code/active/websites/anipotts.com/apps/www
> next build

▲ Next.js 16.1.5 (Turbopack)
- Environments: .env.local

⚠ The "middleware" file convention is deprecated. Please use "proxy" instead. Learn more: https://nextjs.org/docs/messages/middleware-to-proxy
  Creating an optimized production build ...
✓ Compiled successfully in 4.4s
  Running TypeScript ...
  Collecting page data using 10 workers ...
⚠ Using edge runtime on a page currently disables static generation for that page
  Generating static pages using 10 workers (0/18) ...
  Generating static pages using 10 workers (4/18) 
  Generating static pages using 10 workers (8/18) 
  Generating static pages using 10 workers (13/18) 
✓ Generating static pages using 10 workers (18/18) in 717.0ms
  Finalizing page optimization ...

Route (app)                Revalidate  Expire
┌ ƒ /
├ ○ /_not-found
├ ƒ /api/favorite-number
├ ƒ /api/metrics/cron
├ ƒ /api/send
├ ƒ /api/status/cron
├ ƒ /apple-icon
├ ○ /connect
├ ○ /dev                           1m      1y
├ ƒ /dev/icon-1c194a
├ ○ /docs
├ ƒ /docs/icon-mgvy1r
├ ƒ /icon
├ ○ /lab
├ ƒ /lab/icon-1c19aw
├ ○ /links
├ ƒ /links/icon-vbon3r
├ ○ /metrics                       1m      1y
├ ƒ /metrics/icon-10ifps
├ ● /projects/[slug]
│ └ /projects/quantercise
├ ○ /sitemap.xml
├ ○ /status                       30s      1y
├ ƒ /status/icon-180lv4
├ ƒ /thoughts
├ ƒ /thoughts/[slug]
├ ƒ /thoughts/icon-jxcki4
├ ○ /updates                       1m      1y
├ ƒ /updates/icon-1300y4
└ ○ /work


ƒ Proxy (Middleware)

○  (Static)   prerendered as static content
●  (SSG)      prerendered as static HTML (uses generateStaticParams)
ƒ  (Dynamic)  server-rendered on demand

